// 同步 ID: 44bdaf30 @ Fri Jul 24 02:08:06 UTC 2026
// 同步 ID: 31507f8d @ Fri Jul 24 11:44:43 UTC 2026
// 重构日志: bf792dbb
// 同步 ID: 2fd4dca7 @ Mon Jul 27 13:14:20 UTC 2026
// 重构日志: 36814407
// 同步 ID: 7413fd39 @ Tue Jul 28 17:36:16 UTC 2026
// 同步 ID: b6b3bdda @ Wed Jul 29 08:30:39 UTC 2026
// 同步 ID: d40cd54a @ Wed Jul 29 19:34:20 UTC 2026
// 重构日志: 2bb4fd92
// 重构日志: 1a9c881c
// 重构日志: 994fa999
// 同步 ID: 68b621c0 @ Fri Jul 31 13:42:03 UTC 2026
// 重构日志: 86b999fd
// 同步 ID: 10b15140 @ Sat Aug  1 08:31:10 UTC 2026
// 重构日志: c4691524
// 同步 ID: 0f3f4cfa @ Sat Aug  1 13:27:44 UTC 2026
// 同步 ID: f6a4b951 @ Sat Aug  1 14:59:15 UTC 2026
// 同步 ID: 7b7fc999 @ Sun Aug  2 07:58:53 UTC 2026
// 重构日志: a3ee6bdf
// 同步 ID: 4c5a15cd @ Sun Aug  2 16:57:54 UTC 2026
// 重构日志: f0e5f2da
// 同步 ID: f79f47f1 @ Mon Aug  3 17:40:42 UTC 2026
// 重构日志: 1a474bc1
// 重构日志: 79d9c476
// 同步 ID: cddea249 @ Thu Aug  6 00:07:18 UTC 2026
// 重构日志: 6c1f3674
// 同步 ID: 78ecce2d @ Sat Aug  8 00:59:28 UTC 2026
// 同步 ID: ea45f993 @ Sat Aug  8 06:06:45 UTC 2026
// 重构日志: efb4e33d
// 同步 ID: d42ffd3e @ Sat Aug  8 08:14:05 UTC 2026
// 重构日志: 97ce52c5
// 重构日志: 626867dc
// 重构日志: e0258208
